// Jest Snapshot v1, https://goo.gl/fbAQLP

exports[`renders header 1`] = `
Object {
  "asFragment": [Function],
  "baseElement": <body>
    <div>
      <div
        class="App"
      >
        <h1>
          Pokedex
        </h1>
        <div>
          <div
            class="control"
          >
            <div
              class="MuiFormControl-root MuiTextField-root css-1u3bzj6-MuiFormControl-root-MuiTextField-root"
            >
              <label
                class="MuiInputLabel-root MuiInputLabel-formControl MuiInputLabel-animated MuiInputLabel-outlined MuiFormLabel-root MuiFormLabel-colorPrimary css-14s5rfu-MuiFormLabel-root-MuiInputLabel-root"
                data-shrink="false"
                for="mui-1"
                id="mui-1-label"
              >
                Search Pokemon
              </label>
              <div
                class="MuiOutlinedInput-root MuiInputBase-root MuiInputBase-colorPrimary MuiInputBase-formControl css-9ddj71-MuiInputBase-root-MuiOutlinedInput-root"
              >
                <input
                  aria-invalid="false"
                  class="MuiOutlinedInput-input MuiInputBase-input css-1t8l2tu-MuiInputBase-input-MuiOutlinedInput-input"
                  id="mui-1"
                  type="text"
                  value=""
                />
                <fieldset
                  aria-hidden="true"
                  class="MuiOutlinedInput-notchedOutline css-1d3z3hw-MuiOutlinedInput-notchedOutline"
                >
                  <legend
                    class="css-173wfxe"
                  >
                    <span>
                      Search Pokemon
                    </span>
                  </legend>
                </fieldset>
              </div>
            </div>
            <div
              class="MuiOutlinedInput-root MuiInputBase-root MuiInputBase-colorPrimary css-9ddj71-MuiInputBase-root-MuiOutlinedInput-root"
            >
              <div
                aria-expanded="false"
                aria-haspopup="listbox"
                class="MuiSelect-select MuiSelect-outlined MuiOutlinedInput-input MuiInputBase-input css-11u53oe-MuiSelect-select-MuiInputBase-input-MuiOutlinedInput-input"
                role="button"
                tabindex="0"
              >
                Ascending
              </div>
              <input
                aria-hidden="true"
                class="MuiSelect-nativeInput css-yf8vq0-MuiSelect-nativeInput"
                tabindex="-1"
                value="asc"
              />
              <svg
                aria-hidden="true"
                class="MuiSvgIcon-root MuiSvgIcon-fontSizeMedium MuiSelect-icon MuiSelect-iconOutlined css-hfutr2-MuiSvgIcon-root-MuiSelect-icon"
                data-testid="ArrowDropDownIcon"
                focusable="false"
                viewBox="0 0 24 24"
              >
                <path
                  d="M7 10l5 5 5-5z"
                />
              </svg>
              <fieldset
                aria-hidden="true"
                class="MuiOutlinedInput-notchedOutline css-1d3z3hw-MuiOutlinedInput-notchedOutline"
              >
                <legend
                  class="css-nnbavb"
                >
                  <span
                    class="notranslate"
                  >
                    ​
                  </span>
                </legend>
              </fieldset>
            </div>
            <button
              class="MuiButton-root MuiButton-outlined MuiButton-outlinedPrimary MuiButton-sizeMedium MuiButton-outlinedSizeMedium MuiButtonBase-root button css-1rwt2y5-MuiButtonBase-root-MuiButton-root"
              tabindex="0"
              type="button"
            >
              Search
              <span
                class="MuiTouchRipple-root css-8je8zh-MuiTouchRipple-root"
              />
            </button>
          </div>
        </div>
        <span
          class="loader"
        />
      </div>
    </div>
  </body>,
  "container": <div>
    <div
      class="App"
    >
      <h1>
        Pokedex
      </h1>
      <div>
        <div
          class="control"
        >
          <div
            class="MuiFormControl-root MuiTextField-root css-1u3bzj6-MuiFormControl-root-MuiTextField-root"
          >
            <label
              class="MuiInputLabel-root MuiInputLabel-formControl MuiInputLabel-animated MuiInputLabel-outlined MuiFormLabel-root MuiFormLabel-colorPrimary css-14s5rfu-MuiFormLabel-root-MuiInputLabel-root"
              data-shrink="false"
              for="mui-1"
              id="mui-1-label"
            >
              Search Pokemon
            </label>
            <div
              class="MuiOutlinedInput-root MuiInputBase-root MuiInputBase-colorPrimary MuiInputBase-formControl css-9ddj71-MuiInputBase-root-MuiOutlinedInput-root"
            >
              <input
                aria-invalid="false"
                class="MuiOutlinedInput-input MuiInputBase-input css-1t8l2tu-MuiInputBase-input-MuiOutlinedInput-input"
                id="mui-1"
                type="text"
                value=""
              />
              <fieldset
                aria-hidden="true"
                class="MuiOutlinedInput-notchedOutline css-1d3z3hw-MuiOutlinedInput-notchedOutline"
              >
                <legend
                  class="css-173wfxe"
                >
                  <span>
                    Search Pokemon
                  </span>
                </legend>
              </fieldset>
            </div>
          </div>
          <div
            class="MuiOutlinedInput-root MuiInputBase-root MuiInputBase-colorPrimary css-9ddj71-MuiInputBase-root-MuiOutlinedInput-root"
          >
            <div
              aria-expanded="false"
              aria-haspopup="listbox"
              class="MuiSelect-select MuiSelect-outlined MuiOutlinedInput-input MuiInputBase-input css-11u53oe-MuiSelect-select-MuiInputBase-input-MuiOutlinedInput-input"
              role="button"
              tabindex="0"
            >
              Ascending
            </div>
            <input
              aria-hidden="true"
              class="MuiSelect-nativeInput css-yf8vq0-MuiSelect-nativeInput"
              tabindex="-1"
              value="asc"
            />
            <svg
              aria-hidden="true"
              class="MuiSvgIcon-root MuiSvgIcon-fontSizeMedium MuiSelect-icon MuiSelect-iconOutlined css-hfutr2-MuiSvgIcon-root-MuiSelect-icon"
              data-testid="ArrowDropDownIcon"
              focusable="false"
              viewBox="0 0 24 24"
            >
              <path
                d="M7 10l5 5 5-5z"
              />
            </svg>
            <fieldset
              aria-hidden="true"
              class="MuiOutlinedInput-notchedOutline css-1d3z3hw-MuiOutlinedInput-notchedOutline"
            >
              <legend
                class="css-nnbavb"
              >
                <span
                  class="notranslate"
                >
                  ​
                </span>
              </legend>
            </fieldset>
          </div>
          <button
            class="MuiButton-root MuiButton-outlined MuiButton-outlinedPrimary MuiButton-sizeMedium MuiButton-outlinedSizeMedium MuiButtonBase-root button css-1rwt2y5-MuiButtonBase-root-MuiButton-root"
            tabindex="0"
            type="button"
          >
            Search
            <span
              class="MuiTouchRipple-root css-8je8zh-MuiTouchRipple-root"
            />
          </button>
        </div>
      </div>
      <span
        class="loader"
      />
    </div>
  </div>,
  "debug": [Function],
  "findAllByAltText": [Function],
  "findAllByDisplayValue": [Function],
  "findAllByLabelText": [Function],
  "findAllByPlaceholderText": [Function],
  "findAllByRole": [Function],
  "findAllByTestId": [Function],
  "findAllByText": [Function],
  "findAllByTitle": [Function],
  "findByAltText": [Function],
  "findByDisplayValue": [Function],
  "findByLabelText": [Function],
  "findByPlaceholderText": [Function],
  "findByRole": [Function],
  "findByTestId": [Function],
  "findByText": [Function],
  "findByTitle": [Function],
  "getAllByAltText": [Function],
  "getAllByDisplayValue": [Function],
  "getAllByLabelText": [Function],
  "getAllByPlaceholderText": [Function],
  "getAllByRole": [Function],
  "getAllByTestId": [Function],
  "getAllByText": [Function],
  "getAllByTitle": [Function],
  "getByAltText": [Function],
  "getByDisplayValue": [Function],
  "getByLabelText": [Function],
  "getByPlaceholderText": [Function],
  "getByRole": [Function],
  "getByTestId": [Function],
  "getByText": [Function],
  "getByTitle": [Function],
  "queryAllByAltText": [Function],
  "queryAllByDisplayValue": [Function],
  "queryAllByLabelText": [Function],
  "queryAllByPlaceholderText": [Function],
  "queryAllByRole": [Function],
  "queryAllByTestId": [Function],
  "queryAllByText": [Function],
  "queryAllByTitle": [Function],
  "queryByAltText": [Function],
  "queryByDisplayValue": [Function],
  "queryByLabelText": [Function],
  "queryByPlaceholderText": [Function],
  "queryByRole": [Function],
  "queryByTestId": [Function],
  "queryByText": [Function],
  "queryByTitle": [Function],
  "rerender": [Function],
  "unmount": [Function],
}
`;
